// Jest Snapshot v1, https://goo.gl/fbAQLP

exports[`ReporterPlugin should log hook every 1s 1`] = `
[MockFunction] {
  "calls": Array [
    Array [
      "ReporterPlugin compilation.buildModule
",
    ],
    Array [
      "ReporterPlugin compilation.buildModule
",
    ],
    Array [
      "ReporterPlugin compilation.buildModule
",
    ],
  ],
  "results": Array [
    Object {
      "type": "return",
      "value": true,
    },
    Object {
      "type": "return",
      "value": true,
    },
    Object {
      "type": "return",
      "value": true,
    },
  ],
}
`;

exports[`ReporterPlugin should log hook once every 2 times 1`] = `
[MockFunction] {
  "calls": Array [
    Array [
      "ReporterPlugin compilation.buildModule
",
    ],
    Array [
      "ReporterPlugin compilation.buildModule
",
    ],
  ],
  "results": Array [
    Object {
      "type": "return",
      "value": true,
    },
    Object {
      "type": "return",
      "value": true,
    },
  ],
}
`;

exports[`ReporterPlugin should log the default hooks when using "defaults: true" 1`] = `
[MockFunction] {
  "calls": Array [
    Array [
      "ReporterPlugin Compilation starting...
",
    ],
    Array [
      "ReporterPlugin running
",
    ],
    Array [
      "ReporterPlugin before compiling
",
    ],
    Array [
      "ReporterPlugin compiling
",
    ],
    Array [
      "ReporterPlugin compilation
",
    ],
    Array [
      "ReporterPlugin compilation.buildModule
",
    ],
    Array [
      "ReporterPlugin finish module graph
",
    ],
    Array [
      "ReporterPlugin sealing
",
    ],
    Array [
      "ReporterPlugin dependencies optimization
",
    ],
    Array [
      "ReporterPlugin after dependencies optimization
",
    ],
    Array [
      "ReporterPlugin chunk graph
",
    ],
    Array [
      "ReporterPlugin after chunk graph
",
    ],
    Array [
      "ReporterPlugin optimizing
",
    ],
    Array [
      "ReporterPlugin module optimization
",
    ],
    Array [
      "ReporterPlugin after module optimization
",
    ],
    Array [
      "ReporterPlugin chunk optimization
",
    ],
    Array [
      "ReporterPlugin after chunk optimization
",
    ],
    Array [
      "ReporterPlugin module and chunk tree optimization
",
    ],
    Array [
      "ReporterPlugin after module and chunk tree optimization
",
    ],
    Array [
      "ReporterPlugin chunk modules optimization
",
    ],
    Array [
      "ReporterPlugin after chunk modules optimization
",
    ],
    Array [
      "ReporterPlugin module reviving
",
    ],
    Array [
      "ReporterPlugin before module ids
",
    ],
    Array [
      "ReporterPlugin module ids
",
    ],
    Array [
      "ReporterPlugin module id optimization
",
    ],
    Array [
      "ReporterPlugin module id optimization
",
    ],
    Array [
      "ReporterPlugin chunk reviving
",
    ],
    Array [
      "ReporterPlugin before chunk ids
",
    ],
    Array [
      "ReporterPlugin chunk id optimization
",
    ],
    Array [
      "ReporterPlugin after chunk id optimization
",
    ],
    Array [
      "ReporterPlugin record modules
",
    ],
    Array [
      "ReporterPlugin record chunks
",
    ],
    Array [
      "ReporterPlugin hashing
",
    ],
    Array [
      "ReporterPlugin content hashing
",
    ],
    Array [
      "ReporterPlugin after hashing
",
    ],
    Array [
      "ReporterPlugin record hash
",
    ],
    Array [
      "ReporterPlugin module assets processing
",
    ],
    Array [
      "ReporterPlugin chunk assets processing
",
    ],
    Array [
      "ReporterPlugin additional chunk assets processing
",
    ],
    Array [
      "ReporterPlugin recording
",
    ],
    Array [
      "ReporterPlugin additional asset processing
",
    ],
    Array [
      "ReporterPlugin chunk asset optimization
",
    ],
    Array [
      "ReporterPlugin after chunk asset optimization
",
    ],
    Array [
      "ReporterPlugin asset optimization
",
    ],
    Array [
      "ReporterPlugin after asset optimization
",
    ],
    Array [
      "ReporterPlugin after seal
",
    ],
    Array [
      "ReporterPlugin emit
",
    ],
    Array [
      "ReporterPlugin Compilation finished
",
    ],
  ],
  "results": Array [
    Object {
      "type": "return",
      "value": true,
    },
    Object {
      "type": "return",
      "value": true,
    },
    Object {
      "type": "return",
      "value": true,
    },
    Object {
      "type": "return",
      "value": true,
    },
    Object {
      "type": "return",
      "value": true,
    },
    Object {
      "type": "return",
      "value": true,
    },
    Object {
      "type": "return",
      "value": true,
    },
    Object {
      "type": "return",
      "value": true,
    },
    Object {
      "type": "return",
      "value": true,
    },
    Object {
      "type": "return",
      "value": true,
    },
    Object {
      "type": "return",
      "value": true,
    },
    Object {
      "type": "return",
      "value": true,
    },
    Object {
      "type": "return",
      "value": true,
    },
    Object {
      "type": "return",
      "value": true,
    },
    Object {
      "type": "return",
      "value": true,
    },
    Object {
      "type": "return",
      "value": true,
    },
    Object {
      "type": "return",
      "value": true,
    },
    Object {
      "type": "return",
      "value": true,
    },
    Object {
      "type": "return",
      "value": true,
    },
    Object {
      "type": "return",
      "value": true,
    },
    Object {
      "type": "return",
      "value": true,
    },
    Object {
      "type": "return",
      "value": true,
    },
    Object {
      "type": "return",
      "value": true,
    },
    Object {
      "type": "return",
      "value": true,
    },
    Object {
      "type": "return",
      "value": true,
    },
    Object {
      "type": "return",
      "value": true,
    },
    Object {
      "type": "return",
      "value": true,
    },
    Object {
      "type": "return",
      "value": true,
    },
    Object {
      "type": "return",
      "value": true,
    },
    Object {
      "type": "return",
      "value": true,
    },
    Object {
      "type": "return",
      "value": true,
    },
    Object {
      "type": "return",
      "value": true,
    },
    Object {
      "type": "return",
      "value": true,
    },
    Object {
      "type": "return",
      "value": true,
    },
    Object {
      "type": "return",
      "value": true,
    },
    Object {
      "type": "return",
      "value": true,
    },
    Object {
      "type": "return",
      "value": true,
    },
    Object {
      "type": "return",
      "value": true,
    },
    Object {
      "type": "return",
      "value": true,
    },
    Object {
      "type": "return",
      "value": true,
    },
    Object {
      "type": "return",
      "value": true,
    },
    Object {
      "type": "return",
      "value": true,
    },
    Object {
      "type": "return",
      "value": true,
    },
    Object {
      "type": "return",
      "value": true,
    },
    Object {
      "type": "return",
      "value": true,
    },
    Object {
      "type": "return",
      "value": true,
    },
    Object {
      "type": "return",
      "value": true,
    },
    Object {
      "type": "return",
      "value": true,
    },
  ],
}
`;
